// Jest Snapshot v1, https://goo.gl/fbAQLP

exports[`REST API stack test a WAF Web ACL exists with WAF allow rules from API endpoints as per source-controlled snapshot 1`] = `
{
  "Parameters": {
    "BootstrapVersion": {
      "Default": "/cdk-bootstrap/hnb659fds/version",
      "Description": "Version of the CDK Bootstrap resources in this environment, automatically retrieved from SSM Parameter Store. [cdk:skip]",
      "Type": "AWS::SSM::Parameter::Value<String>",
    },
    "ERSchedulerSSMOpenApiPathsParameter": {
      "Default": "openapi-paths",
      "Type": "AWS::SSM::Parameter::Value<String>",
    },
  },
  "Resources": {
    "WafV2": {
      "Properties": {
        "DefaultAction": {
          "Allow": {},
        },
        "Rules": [
          {
            "Action": {
              "Allow": {},
            },
            "Name": "ApiGatewayPathAllows10",
            "Priority": 10,
            "Statement": {
              "RegexMatchStatement": {
                "FieldToMatch": {
                  "UriPath": {},
                },
                "RegexString": {
                  "Fn::Select": [
                    0,
                    {
                      "Fn::Split": [
                        ",",
                        {
                          "Ref": "ERSchedulerSSMOpenApiPathsParameter",
                        },
                      ],
                    },
                  ],
                },
                "TextTransformations": [
                  {
                    "Priority": 0,
                    "Type": "NONE",
                  },
                ],
              },
            },
            "VisibilityConfig": {
              "CloudWatchMetricsEnabled": true,
              "MetricName": "ApiGatewayPathAllows",
              "SampledRequestsEnabled": true,
            },
          },
          {
            "Action": {
              "Block": {},
            },
            "Name": "ApiGatewayPathBlocks",
            "Priority": 20,
            "Statement": {
              "ByteMatchStatement": {
                "FieldToMatch": {
                  "UriPath": {},
                },
                "PositionalConstraint": "STARTS_WITH",
                "SearchString": "/api/",
                "TextTransformations": [
                  {
                    "Priority": 0,
                    "Type": "NONE",
                  },
                ],
              },
            },
            "VisibilityConfig": {
              "CloudWatchMetricsEnabled": true,
              "MetricName": "ApiGatewayPathBlocks",
              "SampledRequestsEnabled": true,
            },
          },
        ],
        "Scope": "REGIONAL",
        "VisibilityConfig": {
          "CloudWatchMetricsEnabled": false,
          "MetricName": "cloudwatch-metrics-disabled-for-example-code",
          "SampledRequestsEnabled": false,
        },
      },
      "Type": "AWS::WAFv2::WebACL",
    },
  },
  "Rules": {
    "CheckBootstrapVersion": {
      "Assertions": [
        {
          "Assert": {
            "Fn::Not": [
              {
                "Fn::Contains": [
                  [
                    "1",
                    "2",
                    "3",
                    "4",
                    "5",
                  ],
                  {
                    "Ref": "BootstrapVersion",
                  },
                ],
              },
            ],
          },
          "AssertDescription": "CDK bootstrap stack version 6 required. Please run 'cdk bootstrap' with a recent version of the CDK CLI.",
        },
      ],
    },
  },
}
`;
